../Core/Src/main.c:82:5:main	8	static
../Core/Src/main.c:134:6:SystemClock_Config	88	static
../Core/Src/main.c:181:13:MX_I2C2_Init	8	static
../Core/Src/main.c:215:13:MX_TIM1_Init	96	static
../Core/Src/main.c:302:13:MX_TIM2_Init	32	static
../Core/Src/main.c:347:13:MX_TIM3_Init	32	static
../Core/Src/main.c:392:13:MX_TIM4_Init	48	static
../Core/Src/main.c:450:13:MX_TIM5_Init	32	static
../Core/Src/main.c:495:13:MX_TIM10_Init	40	static
../Core/Src/main.c:541:13:MX_USART2_UART_Init	8	static
../Core/Src/main.c:574:13:MX_GPIO_Init	48	static
../Core/Src/main.c:614:6:Error_Handler	4	static,ignoring_inline_asm
