../Core/Src/main.c:77:5:main	8	static
../Core/Src/main.c:127:6:SystemClock_Config	88	static
../Core/Src/main.c:174:13:MX_TIM1_Init	96	static
../Core/Src/main.c:261:13:MX_TIM3_Init	32	static
../Core/Src/main.c:306:13:MX_TIM4_Init	48	static
../Core/Src/main.c:364:13:MX_TIM5_Init	32	static
../Core/Src/main.c:409:13:MX_TIM10_Init	40	static
../Core/Src/main.c:455:13:MX_USART2_UART_Init	8	static
../Core/Src/main.c:488:13:MX_GPIO_Init	48	static
../Core/Src/main.c:528:6:Error_Handler	4	static,ignoring_inline_asm
