20:22:10 **** Incremental Build of configuration Debug for project Software_V3_Receiver ****
make -j8 all 
arm-none-eabi-gcc "../Core/Src/main.c" -mcpu=cortex-m4 -std=gnu11 -g3 -DDEBUG -DUSE_HAL_DRIVER -DSTM32L476xx -c -I../Core/Inc -I../Drivers/STM32L4xx_HAL_Driver/Inc -I../Drivers/STM32L4xx_HAL_Driver/Inc/Legacy -I../Drivers/CMSIS/Device/ST/STM32L4xx/Include -I../Drivers/CMSIS/Include -O0 -ffunction-sections -fdata-sections -Wall -fstack-usage -fcyclomatic-complexity -MMD -MP -MF"Core/Src/main.d" -MT"Core/Src/main.o" --specs=nano.specs -mfpu=fpv4-sp-d16 -mfloat-abi=hard -mthumb -o "Core/Src/main.o"
../Core/Src/main.c: In function 'HAL_GPIO_EXTI_Callback':
../Core/Src/main.c:337:13: warning: implicit declaration of function 'strcpy' [-Wimplicit-function-declaration]
  337 |             strcpy(receivedString, rx_data);
      |             ^~~~~~
../Core/Src/main.c:26:1: note: include '<string.h>' or provide a declaration of 'strcpy'
   25 | #include "nrf24l01p.h"
  +++ |+#include <string.h>
   26 | 
../Core/Src/main.c:337:13: warning: incompatible implicit declaration of built-in function 'strcpy' [-Wbuiltin-declaration-mismatch]
  337 |             strcpy(receivedString, rx_data);
      |             ^~~~~~
../Core/Src/main.c:337:13: note: include '<string.h>' or provide a declaration of 'strcpy'
../Core/Src/main.c:337:20: warning: pointer targets in passing argument 1 of 'strcpy' differ in signedness [-Wpointer-sign]
  337 |             strcpy(receivedString, rx_data);
      |                    ^~~~~~~~~~~~~~
      |                    |
      |                    uint8_t * {aka unsigned char *}
../Core/Src/main.c:337:20: note: expected 'char *' but argument is of type 'uint8_t *' {aka 'unsigned char *'}
../Core/Src/main.c:337:36: warning: pointer targets in passing argument 2 of 'strcpy' differ in signedness [-Wpointer-sign]
  337 |             strcpy(receivedString, rx_data);
      |                                    ^~~~~~~
      |                                    |
      |                                    uint8_t * {aka unsigned char *}
../Core/Src/main.c:337:36: note: expected 'const char *' but argument is of type 'uint8_t *' {aka 'unsigned char *'}
arm-none-eabi-gcc -o "Software_V3_Receiver.elf" @"objects.list"   -mcpu=cortex-m4 -T"C:\Users\maela\Desktop\STM32\Software_V3_Receiver\STM32L476RGTX_FLASH.ld" --specs=nosys.specs -Wl,-Map="Software_V3_Receiver.map" -Wl,--gc-sections -static --specs=nano.specs -mfpu=fpv4-sp-d16 -mfloat-abi=hard -mthumb -Wl,--start-group -lc -lm -Wl,--end-group
Finished building target: Software_V3_Receiver.elf
 
arm-none-eabi-size  Software_V3_Receiver.elf 
arm-none-eabi-objdump -h -S Software_V3_Receiver.elf  > "Software_V3_Receiver.list"
   text	   data	    bss	    dec	    hex	filename
  18476	     12	   1828	  20316	   4f5c	Software_V3_Receiver.elf
Finished building: default.size.stdout
 
Finished building: Software_V3_Receiver.list
 

20:22:12 Build Finished. 0 errors, 4 warnings. (took 1s.930ms)

