../Core/Src/main.c:85:6:HAL_GPIO_EXTI_Callback	16	static
../Core/Src/main.c:125:5:main	8	static
../Core/Src/main.c:178:6:SystemClock_Config	96	static
../Core/Src/main.c:228:13:MX_I2C2_Init	8	static
../Core/Src/main.c:276:13:MX_SPI2_Init	8	static
../Core/Src/main.c:316:13:MX_TIM1_Init	112	static
../Core/Src/main.c:408:13:MX_TIM2_Init	40	static
../Core/Src/main.c:453:13:MX_TIM3_Init	40	static
../Core/Src/main.c:498:13:MX_TIM4_Init	56	static
../Core/Src/main.c:556:13:MX_TIM5_Init	40	static
../Core/Src/main.c:601:13:MX_TIM8_Init	112	static
../Core/Src/main.c:681:13:MX_USART2_UART_Init	8	static
../Core/Src/main.c:716:13:MX_GPIO_Init	48	static
../Core/Src/main.c:773:6:Error_Handler	4	static,ignoring_inline_asm
