../Core/Src/main.c:83:6:HAL_GPIO_EXTI_Callback	16	static
../Core/Src/main.c:102:5:main	8	static
../Core/Src/main.c:156:6:SystemClock_Config	96	static
../Core/Src/main.c:206:13:MX_I2C2_Init	8	static
../Core/Src/main.c:254:13:MX_SPI2_Init	8	static
../Core/Src/main.c:294:13:MX_TIM1_Init	112	static
../Core/Src/main.c:386:13:MX_TIM2_Init	40	static
../Core/Src/main.c:431:13:MX_TIM3_Init	40	static
../Core/Src/main.c:476:13:MX_TIM4_Init	56	static
../Core/Src/main.c:534:13:MX_TIM5_Init	40	static
../Core/Src/main.c:579:13:MX_TIM8_Init	112	static
../Core/Src/main.c:659:13:MX_USART2_UART_Init	8	static
../Core/Src/main.c:694:13:MX_GPIO_Init	48	static
../Core/Src/main.c:757:6:Error_Handler	4	static,ignoring_inline_asm
