../Core/Src/nrf24l01p.c:5:13:cs_high	8	static
../Core/Src/nrf24l01p.c:10:13:cs_low	8	static
../Core/Src/nrf24l01p.c:15:13:ce_high	8	static
../Core/Src/nrf24l01p.c:20:13:ce_low	8	static
../Core/Src/nrf24l01p.c:25:16:read_register	32	static
../Core/Src/nrf24l01p.c:39:16:write_register	32	static
../Core/Src/nrf24l01p.c:55:6:nrf24l01p_rx_init	16	static
../Core/Src/nrf24l01p.c:77:6:nrf24l01p_tx_init	16	static
../Core/Src/nrf24l01p.c:97:6:nrf24l01p_rx_receive	16	static
../Core/Src/nrf24l01p.c:105:6:nrf24l01p_tx_transmit	16	static
../Core/Src/nrf24l01p.c:110:6:nrf24l01p_tx_irq	16	static
../Core/Src/nrf24l01p.c:131:6:nrf24l01p_reset	8	static
../Core/Src/nrf24l01p.c:162:6:nrf24l01p_prx_mode	16	static
../Core/Src/nrf24l01p.c:170:6:nrf24l01p_ptx_mode	16	static
../Core/Src/nrf24l01p.c:178:9:nrf24l01p_read_rx_fifo	32	static
../Core/Src/nrf24l01p.c:191:9:nrf24l01p_write_tx_fifo	32	static
../Core/Src/nrf24l01p.c:204:6:nrf24l01p_flush_rx_fifo	24	static
../Core/Src/nrf24l01p.c:214:6:nrf24l01p_flush_tx_fifo	24	static
../Core/Src/nrf24l01p.c:224:9:nrf24l01p_get_status	24	static
../Core/Src/nrf24l01p.c:236:9:nrf24l01p_get_fifo_status	8	static
../Core/Src/nrf24l01p.c:241:6:nrf24l01p_rx_set_payload_widths	16	static
../Core/Src/nrf24l01p.c:246:6:nrf24l01p_clear_rx_dr	16	static
../Core/Src/nrf24l01p.c:254:6:nrf24l01p_clear_tx_ds	16	static
../Core/Src/nrf24l01p.c:262:6:nrf24l01p_clear_max_rt	16	static
../Core/Src/nrf24l01p.c:270:6:nrf24l01p_power_up	16	static
../Core/Src/nrf24l01p.c:278:6:nrf24l01p_power_down	16	static
../Core/Src/nrf24l01p.c:286:6:nrf24l01p_set_crc_length	24	static
../Core/Src/nrf24l01p.c:305:6:nrf24l01p_set_address_widths	16	static
../Core/Src/nrf24l01p.c:310:6:nrf24l01p_auto_retransmit_count	24	static
../Core/Src/nrf24l01p.c:320:6:nrf24l01p_auto_retransmit_delay	24	static
../Core/Src/nrf24l01p.c:330:6:nrf24l01p_set_rf_channel	24	static
../Core/Src/nrf24l01p.c:336:6:nrf24l01p_set_rf_tx_output_power	24	static
../Core/Src/nrf24l01p.c:344:6:nrf24l01p_set_rf_air_data_rate	24	static
